// Jest Snapshot v1, https://goo.gl/fbAQLP

exports[`<TodoList /> <TodoList />のスナップショット 1`] = `
<nav
  className="MuiList-root-1 MuiList-padding-2"
>
  <hr
    className="MuiDivider-root-5"
  />
  <li
    className="MuiListItem-container-11"
  >
    <div
      className="MuiButtonBase-root-22 MuiListItem-root-10 MuiListItem-default-13 MuiListItem-gutters-18 MuiListItem-divider-17 MuiListItem-button-19 MuiListItem-secondaryAction-20"
      onBlur={[Function]}
      onClick={[Function]}
      onContextMenu={[Function]}
      onFocus={[Function]}
      onKeyDown={[Function]}
      onKeyUp={[Function]}
      onMouseDown={[Function]}
      onMouseLeave={[Function]}
      onMouseUp={[Function]}
      onTouchEnd={[Function]}
      onTouchMove={[Function]}
      onTouchStart={[Function]}
      role="button"
      tabIndex="0"
    >
      <div
        className="MuiListItemIcon-root-25"
      >
        <svg
          aria-hidden="true"
          className="MuiSvgIcon-root-26 MuiSvgIcon-colorSecondary-28"
          focusable="false"
          role="presentation"
          viewBox="0 0 24 24"
        >
          <path
            d="M0 0h24v24H0z"
            fill="none"
          />
          <path
            d="M23 12l-2.44-2.78.34-3.68-3.61-.82-1.89-3.18L12 3 8.6 1.54 6.71 4.72l-3.61.81.34 3.68L1 12l2.44 2.78-.34 3.69 3.61.82 1.89 3.18L12 21l3.4 1.46 1.89-3.18 3.61-.82-.34-3.68L23 12zm-10 5h-2v-2h2v2zm0-4h-2V7h2v6z"
          />
        </svg>
      </div>
      <div
        className="MuiListItemText-root-35 MuiListItemText-inset-36"
      >
        <span
          className="MuiTypography-root-41 MuiTypography-subheading-48 MuiListItemText-primary-38"
        >
          <span
            style={Object {}}
          >
            title1
          </span>
        </span>
        <p
          className="MuiTypography-root-41 MuiTypography-body1-50 MuiTypography-colorTextSecondary-74 MuiListItemText-secondary-39"
        >
          2018/02/21 20:16:50
          <br />
        </p>
      </div>
      <span
        className="MuiTouchRipple-root-84"
      />
    </div>
    <div
      className="MuiListItemSecondaryAction-root-77"
    />
  </li>
  <li
    className="MuiListItem-container-11"
  >
    <div
      className="MuiButtonBase-root-22 MuiListItem-root-10 MuiListItem-default-13 MuiListItem-gutters-18 MuiListItem-divider-17 MuiListItem-button-19 MuiListItem-secondaryAction-20"
      onBlur={[Function]}
      onClick={[Function]}
      onContextMenu={[Function]}
      onFocus={[Function]}
      onKeyDown={[Function]}
      onKeyUp={[Function]}
      onMouseDown={[Function]}
      onMouseLeave={[Function]}
      onMouseUp={[Function]}
      onTouchEnd={[Function]}
      onTouchMove={[Function]}
      onTouchStart={[Function]}
      role="button"
      tabIndex="0"
    >
      <div
        className="MuiListItemIcon-root-25"
      >
        <svg
          aria-hidden="true"
          className="MuiSvgIcon-root-26"
          focusable="false"
          role="presentation"
          viewBox="0 0 24 24"
        >
          <path
            d="M0 0h24v24H0z"
            fill="none"
          />
          <path
            d="M9 16.17L4.83 12l-1.42 1.41L9 19 21 7l-1.41-1.41z"
          />
        </svg>
      </div>
      <div
        className="MuiListItemText-root-35 MuiListItemText-inset-36"
      >
        <span
          className="MuiTypography-root-41 MuiTypography-subheading-48 MuiListItemText-primary-38"
        >
          <span
            style={
              Object {
                "color": "gray",
                "textDecoration": "line-through",
              }
            }
          >
            title2
          </span>
        </span>
        <p
          className="MuiTypography-root-41 MuiTypography-body1-50 MuiTypography-colorTextSecondary-74 MuiListItemText-secondary-39"
        >
          2018/02/21 20:16:51
          <br />
        </p>
      </div>
      <span
        className="MuiTouchRipple-root-84"
      />
    </div>
    <div
      className="MuiListItemSecondaryAction-root-77"
    >
      <button
        className="MuiButtonBase-root-22 MuiIconButton-root-78"
        disabled={false}
        onBlur={[Function]}
        onClick={[Function]}
        onContextMenu={[Function]}
        onFocus={[Function]}
        onKeyDown={[Function]}
        onKeyUp={[Function]}
        onMouseDown={[Function]}
        onMouseLeave={[Function]}
        onMouseUp={[Function]}
        onTouchEnd={[Function]}
        onTouchMove={[Function]}
        onTouchStart={[Function]}
        tabIndex="0"
        type="button"
      >
        <span
          className="MuiIconButton-label-83"
        >
          <svg
            aria-hidden="true"
            className="MuiSvgIcon-root-26"
            focusable="false"
            role="presentation"
            viewBox="0 0 24 24"
          >
            <path
              d="M6 19c0 1.1.9 2 2 2h8c1.1 0 2-.9 2-2V7H6v12zM19 4h-3.5l-1-1h-5l-1 1H5v2h14V4z"
            />
            <path
              d="M0 0h24v24H0z"
              fill="none"
            />
          </svg>
        </span>
        <span
          className="MuiTouchRipple-root-84"
        />
      </button>
    </div>
  </li>
  <li
    className="MuiListItem-container-11"
  >
    <div
      className="MuiButtonBase-root-22 MuiListItem-root-10 MuiListItem-default-13 MuiListItem-gutters-18 MuiListItem-divider-17 MuiListItem-button-19 MuiListItem-secondaryAction-20"
      onBlur={[Function]}
      onClick={[Function]}
      onContextMenu={[Function]}
      onFocus={[Function]}
      onKeyDown={[Function]}
      onKeyUp={[Function]}
      onMouseDown={[Function]}
      onMouseLeave={[Function]}
      onMouseUp={[Function]}
      onTouchEnd={[Function]}
      onTouchMove={[Function]}
      onTouchStart={[Function]}
      role="button"
      tabIndex="0"
    >
      <div
        className="MuiListItemIcon-root-25"
      >
        <svg
          aria-hidden="true"
          className="MuiSvgIcon-root-26"
          focusable="false"
          role="presentation"
          viewBox="0 0 24 24"
        >
          <path
            d="M19 5v14H5V5h14m0-2H5c-1.1 0-2 .9-2 2v14c0 1.1.9 2 2 2h14c1.1 0 2-.9 2-2V5c0-1.1-.9-2-2-2z"
          />
          <path
            d="M0 0h24v24H0z"
            fill="none"
          />
        </svg>
      </div>
      <div
        className="MuiListItemText-root-35 MuiListItemText-inset-36"
      >
        <span
          className="MuiTypography-root-41 MuiTypography-subheading-48 MuiListItemText-primary-38"
        >
          <span
            style={Object {}}
          >
            title3
          </span>
        </span>
        <p
          className="MuiTypography-root-41 MuiTypography-body1-50 MuiTypography-colorTextSecondary-74 MuiListItemText-secondary-39"
        >
          2018/02/21 20:16:49
          <br />
        </p>
      </div>
      <span
        className="MuiTouchRipple-root-84"
      />
    </div>
    <div
      className="MuiListItemSecondaryAction-root-77"
    />
  </li>
  <li
    className="MuiListItem-container-11"
  >
    <div
      className="MuiButtonBase-root-22 MuiListItem-root-10 MuiListItem-default-13 MuiListItem-gutters-18 MuiListItem-divider-17 MuiListItem-button-19 MuiListItem-secondaryAction-20"
      onBlur={[Function]}
      onClick={[Function]}
      onContextMenu={[Function]}
      onFocus={[Function]}
      onKeyDown={[Function]}
      onKeyUp={[Function]}
      onMouseDown={[Function]}
      onMouseLeave={[Function]}
      onMouseUp={[Function]}
      onTouchEnd={[Function]}
      onTouchMove={[Function]}
      onTouchStart={[Function]}
      role="button"
      tabIndex="0"
    >
      <div
        className="MuiListItemIcon-root-25"
      >
        <svg
          aria-hidden="true"
          className="MuiSvgIcon-root-26"
          focusable="false"
          role="presentation"
          viewBox="0 0 24 24"
        >
          <path
            d="M0 0h24v24H0z"
            fill="none"
          />
          <path
            d="M9 16.17L4.83 12l-1.42 1.41L9 19 21 7l-1.41-1.41z"
          />
        </svg>
      </div>
      <div
        className="MuiListItemText-root-35 MuiListItemText-inset-36"
      >
        <span
          className="MuiTypography-root-41 MuiTypography-subheading-48 MuiListItemText-primary-38"
        >
          <span
            style={
              Object {
                "color": "gray",
                "textDecoration": "line-through",
              }
            }
          >
            title4
          </span>
        </span>
        <p
          className="MuiTypography-root-41 MuiTypography-body1-50 MuiTypography-colorTextSecondary-74 MuiListItemText-secondary-39"
        >
          2018/02/20 21:30:53
          <br />
        </p>
      </div>
      <span
        className="MuiTouchRipple-root-84"
      />
    </div>
    <div
      className="MuiListItemSecondaryAction-root-77"
    >
      <button
        className="MuiButtonBase-root-22 MuiIconButton-root-78"
        disabled={false}
        onBlur={[Function]}
        onClick={[Function]}
        onContextMenu={[Function]}
        onFocus={[Function]}
        onKeyDown={[Function]}
        onKeyUp={[Function]}
        onMouseDown={[Function]}
        onMouseLeave={[Function]}
        onMouseUp={[Function]}
        onTouchEnd={[Function]}
        onTouchMove={[Function]}
        onTouchStart={[Function]}
        tabIndex="0"
        type="button"
      >
        <span
          className="MuiIconButton-label-83"
        >
          <svg
            aria-hidden="true"
            className="MuiSvgIcon-root-26"
            focusable="false"
            role="presentation"
            viewBox="0 0 24 24"
          >
            <path
              d="M6 19c0 1.1.9 2 2 2h8c1.1 0 2-.9 2-2V7H6v12zM19 4h-3.5l-1-1h-5l-1 1H5v2h14V4z"
            />
            <path
              d="M0 0h24v24H0z"
              fill="none"
            />
          </svg>
        </span>
        <span
          className="MuiTouchRipple-root-84"
        />
      </button>
    </div>
  </li>
  <li
    className="MuiListItem-container-11"
  >
    <div
      className="MuiButtonBase-root-22 MuiListItem-root-10 MuiListItem-default-13 MuiListItem-gutters-18 MuiListItem-divider-17 MuiListItem-button-19 MuiListItem-secondaryAction-20"
      onBlur={[Function]}
      onClick={[Function]}
      onContextMenu={[Function]}
      onFocus={[Function]}
      onKeyDown={[Function]}
      onKeyUp={[Function]}
      onMouseDown={[Function]}
      onMouseLeave={[Function]}
      onMouseUp={[Function]}
      onTouchEnd={[Function]}
      onTouchMove={[Function]}
      onTouchStart={[Function]}
      role="button"
      tabIndex="0"
    >
      <div
        className="MuiListItemIcon-root-25"
      >
        <svg
          aria-hidden="true"
          className="MuiSvgIcon-root-26 MuiSvgIcon-colorSecondary-28"
          focusable="false"
          role="presentation"
          viewBox="0 0 24 24"
        >
          <path
            d="M0 0h24v24H0z"
            fill="none"
          />
          <path
            d="M23 12l-2.44-2.78.34-3.68-3.61-.82-1.89-3.18L12 3 8.6 1.54 6.71 4.72l-3.61.81.34 3.68L1 12l2.44 2.78-.34 3.69 3.61.82 1.89 3.18L12 21l3.4 1.46 1.89-3.18 3.61-.82-.34-3.68L23 12zm-10 5h-2v-2h2v2zm0-4h-2V7h2v6z"
          />
        </svg>
      </div>
      <div
        className="MuiListItemText-root-35 MuiListItemText-inset-36"
      >
        <span
          className="MuiTypography-root-41 MuiTypography-subheading-48 MuiListItemText-primary-38"
        >
          <span
            style={Object {}}
          >
            title5
          </span>
        </span>
        <p
          className="MuiTypography-root-41 MuiTypography-body1-50 MuiTypography-colorTextSecondary-74 MuiListItemText-secondary-39"
        >
          2018/02/20 21:31:04
          <br />
        </p>
      </div>
      <span
        className="MuiTouchRipple-root-84"
      />
    </div>
    <div
      className="MuiListItemSecondaryAction-root-77"
    />
  </li>
</nav>
`;
